2026-05-27 22:36:47,625 - credit_scoring - INFO - Starting training pipeline.
2026-05-27 23:02:51,539 - credit_scoring - INFO - Starting training pipeline.
2026-05-27 23:03:44,762 - credit_scoring - INFO - Starting training pipeline.
2026-05-27 23:04:45,988 - credit_scoring - INFO - Starting training pipeline.
2026-05-27 23:15:46,582 - credit_scoring - INFO - Starting training pipeline.
2026-05-27 23:15:51,058 - credit_scoring - INFO - Inferred 113 numeric and 16 categorical features.
2026-05-27 23:16:19,174 - credit_scoring - INFO - Starting training pipeline.
2026-05-27 23:16:23,985 - credit_scoring - INFO - Inferred 113 numeric and 16 categorical features.
2026-05-27 23:21:20,587 - credit_scoring - INFO - Completed model training for 5 models.
2026-05-27 23:21:20,600 - credit_scoring - INFO - Saved model metrics to C:\Users\badah\OneDrive\Pictures\Documents\credit score model\reports\model_metrics.json.
2026-05-27 23:21:20,608 - credit_scoring - INFO - Best model 'lightgbm' saved as C:\Users\badah\OneDrive\Pictures\Documents\credit score model\models\baseline_model.joblib.
2026-05-27 23:21:44,563 - credit_scoring - INFO - Completed model training for 5 models.
2026-05-27 23:21:44,564 - credit_scoring - INFO - Saved model metrics to C:\Users\badah\OneDrive\Pictures\Documents\credit score model\reports\model_metrics.json.
2026-05-27 23:21:44,569 - credit_scoring - INFO - Best model 'lightgbm' saved as C:\Users\badah\OneDrive\Pictures\Documents\credit score model\models\baseline_model.joblib.
2026-05-27 23:29:01,168 - credit_scoring - INFO - Starting training pipeline.
2026-05-27 23:29:20,852 - credit_scoring - INFO - Saved processed training data to C:\Users\badah\OneDrive\Pictures\Documents\credit score model\data\processed\processed_training.csv.
2026-05-27 23:29:20,881 - credit_scoring - INFO - Inferred 113 numeric and 16 categorical features.
2026-05-27 23:29:25,887 - credit_scoring - INFO - Starting training pipeline.
2026-05-27 23:29:51,845 - credit_scoring - INFO - Saved processed training data to C:\Users\badah\OneDrive\Pictures\Documents\credit score model\data\processed\processed_training.csv.
2026-05-27 23:29:51,869 - credit_scoring - INFO - Inferred 113 numeric and 16 categorical features.
2026-05-27 23:34:53,430 - credit_scoring - INFO - Completed model training for 5 models.
2026-05-27 23:34:53,449 - credit_scoring - INFO - Saved model metrics to C:\Users\badah\OneDrive\Pictures\Documents\credit score model\reports\model_metrics.json.
2026-05-27 23:34:53,456 - credit_scoring - INFO - Best model 'lightgbm' saved as C:\Users\badah\OneDrive\Pictures\Documents\credit score model\models\baseline_model.joblib.
2026-05-27 23:35:30,430 - credit_scoring - INFO - Completed model training for 5 models.
2026-05-27 23:35:30,439 - credit_scoring - INFO - Saved model metrics to C:\Users\badah\OneDrive\Pictures\Documents\credit score model\reports\model_metrics.json.
2026-05-27 23:35:30,446 - credit_scoring - INFO - Best model 'lightgbm' saved as C:\Users\badah\OneDrive\Pictures\Documents\credit score model\models\baseline_model.joblib.
2026-05-27 23:52:16,167 - credit_scoring - INFO - Credit scoring model project initialized successfully.
2026-05-27 23:54:49,736 - credit_scoring - INFO - Credit scoring model project initialized successfully.
